0.413235
0.489706
0.710294
0.427941
0.396078
0.562745
