97.954595399442582
100.719392798934450
99.735349469454860
101.356007034612716
101.668112632535980
101.012338912056819
